<LayoutModel>
  <Root id="Form">
    <DimensionLayout dim="horizontal">
      <Group type="parallel" groupAlignment="leading" attributes="2048">
          <Group type="sequential" alignment="leading" attributes="0">
              <EmptySpace min="$pref" pref="71" max="$pref" attributes="0"/>
              <Component id="jLabel1" min="$pref" max="$pref" attributes="0"/>
              <EmptySpace max="$pref" attributes="0"/>
              <Component id="jButton1" min="$pref" max="$pref" attributes="0"/>
              <EmptySpace type="separate" max="$pref" attributes="0"/>
              <Component id="jLabel2" min="$pref" max="$pref" attributes="0"/>
              <EmptySpace max="$pref" attributes="0"/>
              <Component id="jTextField1" min="$pref" max="$pref" attributes="0"/>
              <EmptySpace pref="55" max="Short.MAX_VALUE" attributes="4"/>
          </Group>
      </Group>
    </DimensionLayout>
    <DimensionLayout dim="vertical">
      <Group type="parallel" groupAlignment="leading" attributes="2048">
          <Group type="sequential" alignment="leading" attributes="0">
              <EmptySpace min="$pref" pref="73" max="$pref" attributes="0"/>
              <Group type="parallel" groupAlignment="leading" max="$pref" attributes="0">
                  <Component id="jTextField1" alignment="trailing" max="Short.MAX_VALUE" attributes="512"/>
                  <Group type="parallel" alignment="leading" groupAlignment="baseline" attributes="0">
                      <Component id="jButton1" alignment="baseline" min="$pref" max="$pref" attributes="0"/>
                      <Component id="jLabel1" alignment="baseline" min="$pref" max="$pref" attributes="0"/>
                  </Group>
                  <Component id="jLabel2" alignment="trailing" max="Short.MAX_VALUE" attributes="1536"/>
              </Group>
              <EmptySpace pref="194" max="Short.MAX_VALUE" attributes="4"/>
          </Group>
      </Group>
    </DimensionLayout>
  </Root>
</LayoutModel>
