<LayoutModel>
  <Root id="Form">
    <DimensionLayout dim="horizontal">
      <Group type="parallel" groupAlignment="leading" attributes="2048">
          <Group type="sequential" alignment="leading" attributes="0">
              <EmptySpace max="$pref" attributes="1024"/>
              <Component id="jButton1" min="$pref" max="$pref" attributes="1024"/>
              <EmptySpace max="$pref" attributes="1024"/>
              <Component id="jButton2" min="$pref" max="$pref" attributes="1024"/>
              <EmptySpace max="$pref" attributes="1024"/>
              <Component id="jButton3" min="$pref" max="$pref" attributes="1024"/>
              <EmptySpace max="$pref" attributes="1024"/>
              <Component id="jButton4" min="$pref" max="$pref" attributes="1024"/>
              <EmptySpace pref="80" max="Short.MAX_VALUE" attributes="1028"/>
          </Group>
      </Group>
    </DimensionLayout>
    <DimensionLayout dim="vertical">
      <Group type="parallel" groupAlignment="leading" attributes="2048">
          <Group type="sequential" alignment="leading" attributes="0">
              <EmptySpace min="$pref" pref="40" max="$pref" attributes="0"/>
              <Group type="parallel" groupAlignment="leading" attributes="0">
                  <Component id="jButton1" max="Short.MAX_VALUE" attributes="1536"/>
                  <Group type="sequential" attributes="0">
                      <Group type="parallel" groupAlignment="leading" attributes="0">
                          <Component id="jButton3" alignment="trailing" min="$pref" max="$pref" attributes="1024"/>
                          <Component id="jButton4" alignment="trailing" min="$pref" max="$pref" attributes="1024"/>
                      </Group>
                      <EmptySpace pref="266" max="Short.MAX_VALUE" attributes="1024"/>
                  </Group>
              </Group>
          </Group>
          <Group type="sequential" alignment="leading" attributes="0">
              <Component id="jButton2" min="$pref" pref="63" max="$pref" attributes="1024"/>
              <EmptySpace min="0" pref="0" max="Short.MAX_VALUE" attributes="1536"/>
          </Group>
      </Group>
    </DimensionLayout>
  </Root>
</LayoutModel>
