<LayoutModel>
  <Root id="Form">
    <DimensionLayout dim="horizontal">
      <Group type="parallel" groupAlignment="leading" attributes="2048">
          <Component id="jTextField1" alignment="leading" pref="400" max="Short.MAX_VALUE" attributes="0"/>
          <Group type="sequential" attributes="0">
              <EmptySpace max="$pref" attributes="0"/>
              <Group type="parallel" groupAlignment="leading" attributes="0">
                  <Component id="jCheckBox2" alignment="leading" min="$pref" max="$pref" attributes="0"/>
                  <Group type="sequential" alignment="leading" attributes="0">
                      <Component id="jScrollPane1" min="$pref" max="$pref" attributes="0"/>
                      <EmptySpace min="$pref" pref="33" max="$pref" attributes="0"/>
                      <Group type="parallel" groupAlignment="leading" attributes="0">
                          <Component id="jButton1" alignment="leading" min="$pref" max="$pref" attributes="0"/>
                          <Component id="jToggleButton1" alignment="leading" min="$pref" max="$pref" attributes="0"/>
                          <Component id="jTextField2" min="$pref" max="$pref" attributes="0"/>
                      </Group>
                  </Group>
              </Group>
              <EmptySpace pref="172" max="Short.MAX_VALUE" attributes="4"/>
              <Component id="jScrollPane2" min="$pref" max="$pref" attributes="0"/>
              <EmptySpace max="$pref" attributes="0"/>
          </Group>
      </Group>
    </DimensionLayout>
    <DimensionLayout dim="vertical">
      <Group type="parallel" groupAlignment="leading" attributes="2048">
          <Group type="sequential" alignment="leading" attributes="0">
              <Component id="jTextField1" min="$pref" max="$pref" attributes="0"/>
              <Group type="parallel" groupAlignment="leading" attributes="0">
                  <Group type="sequential" alignment="leading" attributes="0">
                      <EmptySpace min="$pref" pref="25" max="$pref" attributes="1024"/>
                      <Component id="jCheckBox2" min="$pref" max="$pref" attributes="0"/>
                      <EmptySpace min="$pref" pref="12" max="$pref" attributes="0"/>
                      <Group type="parallel" groupAlignment="trailing" attributes="0">
                          <Component id="jScrollPane1" min="$pref" pref="86" max="$pref" attributes="0"/>
                          <Group type="sequential" alignment="trailing" attributes="0">
                              <Component id="jTextField2" min="$pref" max="$pref" attributes="0"/>
                              <EmptySpace type="unrelated" max="$pref" attributes="0"/>
                              <Component id="jButton1" min="$pref" max="$pref" attributes="0"/>
                              <EmptySpace min="$pref" max="$pref" attributes="0"/>
                              <Component id="jToggleButton1" min="$pref" max="$pref" attributes="0"/>
                          </Group>
                      </Group>
                  </Group>
                  <Group type="sequential" alignment="trailing" attributes="0">
                      <EmptySpace max="$pref" attributes="0"/>
                      <Component id="jScrollPane2" min="$pref" pref="50" max="$pref" attributes="1"/>
                  </Group>
              </Group>
              <EmptySpace pref="134" max="Short.MAX_VALUE" attributes="4"/>
          </Group>
      </Group>
    </DimensionLayout>
  </Root>
</LayoutModel>
