<LayoutModel>
  <Root id="Form">
    <DimensionLayout dim="horizontal">
      <Group type="parallel" groupAlignment="leading" attributes="2048">
          <Group type="sequential" alignment="leading" attributes="0">
              <EmptySpace min="$pref" pref="92" max="$pref" attributes="0"/>
              <Group type="parallel" groupAlignment="leading" max="$pref" attributes="0">
                  <Group type="parallel" groupAlignment="leading" max="$pref" attributes="0">
                      <Component id="jButton4" max="Short.MAX_VALUE" attributes="1"/>
                      <Component id="jButton3" max="Short.MAX_VALUE" attributes="1"/>
                  </Group>
                  <Component id="jButton1" pref="110" max="Short.MAX_VALUE" attributes="1025"/>
                  <Component id="jButton2" alignment="leading" max="Short.MAX_VALUE" attributes="1537"/>
              </Group>
              <EmptySpace pref="198" max="Short.MAX_VALUE" attributes="4"/>
          </Group>
      </Group>
    </DimensionLayout>
    <DimensionLayout dim="vertical">
      <Group type="parallel" groupAlignment="leading" attributes="2048">
          <Group type="sequential" alignment="leading" attributes="0">
              <EmptySpace min="$pref" pref="54" max="$pref" attributes="0"/>
              <Component id="jButton1" min="$pref" max="$pref" attributes="0"/>
              <EmptySpace max="$pref" attributes="0"/>
              <Component id="jButton2" min="$pref" max="$pref" attributes="0"/>
              <EmptySpace max="$pref" attributes="0"/>
              <Component id="jButton3" min="$pref" max="$pref" attributes="0"/>
              <EmptySpace max="$pref" attributes="0"/>
              <Component id="jButton4" min="$pref" max="$pref" attributes="0"/>
              <EmptySpace pref="136" max="Short.MAX_VALUE" attributes="4"/>
          </Group>
      </Group>
    </DimensionLayout>
  </Root>
</LayoutModel>
