<LayoutModel>
  <Root id="Form">
    <DimensionLayout dim="horizontal">
      <Group type="parallel" groupAlignment="leading" attributes="0">
          <Group type="sequential" alignment="leading" attributes="0">
              <EmptySpace max="$pref" attributes="0"/>
              <Group type="parallel" groupAlignment="leading" attributes="0">
                  <Component id="jButton1" alignment="leading" min="$pref" max="$pref" attributes="0"/>
                  <Component id="jToggleButton1" alignment="leading" min="$pref" max="$pref" attributes="0"/>
                  <Group type="sequential" attributes="0">
                      <Component id="jScrollPane1" min="$pref" max="$pref" attributes="0"/>
                      <EmptySpace max="$pref" attributes="1024"/>
                      <Group type="parallel" groupAlignment="trailing" attributes="0">
                          <Component id="jButton2" min="$pref" max="$pref" attributes="0"/>
                          <Component id="jTextField2" min="$pref" pref="217" max="$pref" attributes="1024"/>
                      </Group>
                  </Group>
              </Group>
              <EmptySpace max="$pref" attributes="0"/>
              <Component id="jScrollPane2" min="$pref" max="$pref" attributes="0"/>
              <EmptySpace pref="91" max="Short.MAX_VALUE" attributes="4"/>
          </Group>
      </Group>
    </DimensionLayout>
    <DimensionLayout dim="vertical">
      <Group type="parallel" groupAlignment="leading" attributes="0">
          <Group type="sequential" alignment="leading" attributes="0">
              <EmptySpace max="$pref" attributes="0"/>
              <Component id="jButton1" min="$pref" max="$pref" attributes="0"/>
              <EmptySpace max="$pref" attributes="0"/>
              <Component id="jToggleButton1" min="$pref" max="$pref" attributes="0"/>
              <EmptySpace min="$pref" max="$pref" attributes="0"/>
              <Group type="parallel" groupAlignment="leading" max="$pref" attributes="0">
                  <Component id="jScrollPane1" alignment="leading" pref="58" max="Short.MAX_VALUE" attributes="1"/>
                  <Group type="sequential" attributes="0">
                      <Component id="jButton2" min="$pref" max="$pref" attributes="0"/>
                      <EmptySpace max="$pref" attributes="0"/>
                      <Component id="jTextField2" min="$pref" max="$pref" attributes="0"/>
                  </Group>
                  <Component id="jScrollPane2" alignment="leading" pref="58" max="Short.MAX_VALUE" attributes="1"/>
              </Group>
              <EmptySpace pref="173" max="Short.MAX_VALUE" attributes="4"/>
          </Group>
      </Group>
    </DimensionLayout>
  </Root>
</LayoutModel>
