<LayoutModel>
  <Root id="Form">
    <DimensionLayout dim="horizontal">
      <Group type="parallel" groupAlignment="leading" attributes="2048">
          <Group type="sequential" alignment="trailing" attributes="0">
              <EmptySpace max="$pref" attributes="0"/>
              <Group type="parallel" groupAlignment="trailing" attributes="0">
                  <Group type="sequential" alignment="trailing" attributes="0">
                      <Component id="jTextField1" max="Short.MAX_VALUE" attributes="512"/>
                      <EmptySpace min="$pref" pref="217" max="$pref" attributes="4"/>
                  </Group>
                  <Group type="sequential" alignment="trailing" attributes="0">
                      <Component id="jLabel1" min="$pref" max="$pref" attributes="0"/>
                      <EmptySpace max="$pref" attributes="0"/>
                      <Component id="jScrollPane1" min="$pref" max="$pref" attributes="0"/>
                      <Group type="parallel" groupAlignment="leading" attributes="0">
                          <Group type="sequential" attributes="0">
                              <EmptySpace pref="22" max="Short.MAX_VALUE" attributes="0"/>
                              <Group type="parallel" groupAlignment="trailing" attributes="0">
                                  <Component id="jButton1" min="$pref" max="$pref" attributes="0"/>
                                  <Component id="jButton2" min="$pref" max="$pref" attributes="0"/>
                              </Group>
                              <EmptySpace min="$pref" pref="217" max="$pref" attributes="0"/>
                          </Group>
                          <Group type="sequential" alignment="leading" attributes="0">
                              <EmptySpace max="$pref" attributes="1024"/>
                              <Component id="jToggleButton1" min="$pref" max="$pref" attributes="1024"/>
                              <EmptySpace max="Short.MAX_VALUE" attributes="1536"/>
                          </Group>
                      </Group>
                  </Group>
              </Group>
          </Group>
      </Group>
    </DimensionLayout>
    <DimensionLayout dim="vertical">
      <Group type="parallel" groupAlignment="leading" attributes="2048">
          <Group type="sequential" attributes="0">
              <Group type="parallel" groupAlignment="leading" attributes="0">
                  <Group type="sequential" alignment="leading" attributes="0">
                      <EmptySpace min="$pref" pref="55" max="$pref" attributes="0"/>
                      <Component id="jLabel1" min="$pref" max="$pref" attributes="0"/>
                  </Group>
                  <Group type="sequential" alignment="leading" attributes="0">
                      <EmptySpace max="$pref" attributes="0"/>
                      <Component id="jScrollPane1" min="$pref" max="$pref" attributes="0"/>
                  </Group>
                  <Group type="sequential" alignment="leading" attributes="0">
                      <EmptySpace min="$pref" pref="30" max="$pref" attributes="1024"/>
                      <Component id="jToggleButton1" min="$pref" max="$pref" attributes="1024"/>
                      <EmptySpace max="$pref" attributes="1024"/>
                      <Component id="jButton1" min="$pref" max="$pref" attributes="0"/>
                      <EmptySpace max="$pref" attributes="0"/>
                      <Component id="jButton2" min="$pref" max="$pref" attributes="0"/>
                  </Group>
              </Group>
              <EmptySpace min="$pref" pref="24" max="$pref" attributes="0"/>
              <Component id="jTextField1" min="$pref" max="$pref" attributes="0"/>
              <EmptySpace pref="115" max="Short.MAX_VALUE" attributes="4"/>
          </Group>
      </Group>
    </DimensionLayout>
  </Root>
</LayoutModel>
