<LayoutModel>
  <Root id="Form">
    <DimensionLayout dim="horizontal">
      <Group type="parallel" groupAlignment="leading" attributes="2048">
          <Group type="sequential" alignment="leading" attributes="0">
              <EmptySpace min="$pref" pref="22" max="$pref" attributes="0"/>
              <Group type="parallel" groupAlignment="leading" attributes="0">
                  <Component id="jButton1" alignment="leading" min="$pref" max="$pref" attributes="0"/>
                  <Component id="jLabel1" alignment="leading" min="$pref" max="$pref" attributes="0"/>
              </Group>
              <EmptySpace pref="52" max="Short.MAX_VALUE" attributes="1028"/>
              <Component id="jScrollPane1" min="$pref" max="$pref" attributes="0"/>
              <EmptySpace max="$pref" attributes="0"/>
              <Component id="jScrollPane2" min="$pref" max="$pref" attributes="0"/>
              <EmptySpace min="$pref" pref="59" max="$pref" attributes="1024"/>
              <Group type="parallel" groupAlignment="leading" attributes="0">
                  <Component id="jButton2" alignment="trailing" min="$pref" max="$pref" attributes="0"/>
                  <Component id="jLabel2" alignment="trailing" min="$pref" max="$pref" attributes="0"/>
              </Group>
              <EmptySpace min="$pref" pref="45" max="$pref" attributes="0"/>
          </Group>
      </Group>
    </DimensionLayout>
    <DimensionLayout dim="vertical">
      <Group type="parallel" groupAlignment="leading" attributes="2048">
          <Group type="sequential" attributes="0">
              <Group type="parallel" groupAlignment="leading" attributes="0">
                  <Group type="sequential" alignment="leading" attributes="0">
                      <EmptySpace min="$pref" pref="26" max="$pref" attributes="0"/>
                      <Group type="parallel" groupAlignment="baseline" attributes="0">
                          <Component id="jLabel1" alignment="baseline" min="$pref" max="$pref" attributes="0"/>
                          <Component id="jLabel2" alignment="baseline" min="$pref" max="$pref" attributes="0"/>
                      </Group>
                      <EmptySpace max="$pref" attributes="0"/>
                      <Group type="parallel" groupAlignment="baseline" attributes="0">
                          <Component id="jButton1" alignment="baseline" min="$pref" max="$pref" attributes="0"/>
                          <Component id="jButton2" alignment="baseline" min="$pref" max="$pref" attributes="0"/>
                      </Group>
                  </Group>
                  <Group type="sequential" alignment="leading" attributes="0">
                      <EmptySpace max="$pref" attributes="1024"/>
                      <Group type="parallel" groupAlignment="leading" max="$pref" attributes="0">
                          <Component id="jScrollPane1" pref="0" max="Short.MAX_VALUE" attributes="512"/>
                          <Component id="jScrollPane2" min="$pref" pref="82" max="$pref" attributes="0"/>
                      </Group>
                  </Group>
              </Group>
              <EmptySpace pref="207" max="Short.MAX_VALUE" attributes="1028"/>
          </Group>
      </Group>
    </DimensionLayout>
  </Root>
</LayoutModel>
