<LayoutModel>
  <Root id="Form">
    <DimensionLayout dim="horizontal">
      <Group type="parallel" groupAlignment="leading" attributes="2048">
          <Group type="sequential" alignment="leading" attributes="0">
              <EmptySpace min="$pref" pref="44" max="$pref" attributes="0"/>
              <Component id="jButton1" min="$pref" max="$pref" attributes="0"/>
              <EmptySpace max="$pref" attributes="0"/>
              <Component id="jButton2" min="$pref" max="$pref" attributes="0"/>
              <EmptySpace max="$pref" attributes="0"/>
              <Component id="jLabel1" min="$pref" max="$pref" attributes="0"/>
              <EmptySpace min="$pref" pref="45" max="$pref" attributes="1024"/>
              <Component id="jButton3" min="$pref" max="$pref" attributes="0"/>
              <EmptySpace pref="48" max="Short.MAX_VALUE" attributes="1028"/>
          </Group>
      </Group>
    </DimensionLayout>
    <DimensionLayout dim="vertical">
      <Group type="parallel" groupAlignment="leading" attributes="2048">
          <Group type="sequential" alignment="leading" attributes="0">
              <EmptySpace min="$pref" pref="64" max="$pref" attributes="0"/>
              <Group type="parallel" groupAlignment="leading" max="$pref" attributes="0">
                  <Component id="jLabel1" min="$pref" max="$pref" attributes="0"/>
                  <Component id="jButton1" pref="195" max="Short.MAX_VALUE" attributes="0"/>
                  <Component id="jButton2" max="Short.MAX_VALUE" attributes="512"/>
                  <Component id="jButton3" alignment="trailing" max="Short.MAX_VALUE" attributes="1536"/>
              </Group>
              <EmptySpace pref="41" max="Short.MAX_VALUE" attributes="4"/>
          </Group>
      </Group>
    </DimensionLayout>
  </Root>
</LayoutModel>
