<LayoutModel>
  <Root id="Form">
    <DimensionLayout dim="horizontal">
      <Group type="parallel" groupAlignment="leading" attributes="0">
          <Component id="jTextField1" alignment="leading" pref="400" max="Short.MAX_VALUE" attributes="0"/>
          <Group type="sequential" attributes="0">
              <Group type="parallel" groupAlignment="leading" attributes="0">
                  <Component id="jRadioButton1" alignment="leading" min="$pref" max="$pref" attributes="0"/>
                  <Component id="jRadioButton2" alignment="leading" min="$pref" max="$pref" attributes="0"/>
              </Group>
              <EmptySpace pref="307" max="Short.MAX_VALUE" attributes="4"/>
          </Group>
          <Group type="sequential" attributes="0">
              <Component id="jScrollPane1" min="$pref" max="$pref" attributes="0"/>
              <EmptySpace max="$pref" attributes="0"/>
              <Group type="parallel" groupAlignment="leading" attributes="0">
                  <Group type="sequential" attributes="0">
                      <Component id="jLabel1" min="$pref" max="$pref" attributes="0"/>
                      <EmptySpace max="$pref" attributes="0"/>
                      <Component id="jLabel2" min="$pref" max="$pref" attributes="0"/>
                  </Group>
                  <Component id="jLabel3" alignment="leading" min="$pref" max="$pref" attributes="0"/>
                  <Component id="jTextField2" alignment="leading" max="Short.MAX_VALUE" attributes="0"/>
              </Group>
          </Group>
      </Group>
    </DimensionLayout>
    <DimensionLayout dim="vertical">
      <Group type="parallel" groupAlignment="leading" attributes="0">
          <Group type="sequential" alignment="leading" attributes="0">
              <Component id="jTextField1" min="$pref" max="$pref" attributes="0"/>
              <EmptySpace max="$pref" attributes="0"/>
              <Component id="jRadioButton1" min="$pref" max="$pref" attributes="0"/>
              <EmptySpace type="unrelated" min="$pref" max="$pref" attributes="0"/>
              <Component id="jRadioButton2" min="$pref" max="$pref" attributes="0"/>
              <EmptySpace max="$pref" attributes="0"/>
              <Group type="parallel" groupAlignment="leading" attributes="0">
                  <Component id="jScrollPane1" min="$pref" max="$pref" attributes="0"/>
                  <Group type="sequential" alignment="leading" attributes="0">
                      <Group type="parallel" groupAlignment="baseline" attributes="0">
                          <Component id="jLabel1" alignment="baseline" min="$pref" max="$pref" attributes="0"/>
                          <Component id="jLabel2" alignment="baseline" min="$pref" max="$pref" attributes="0"/>
                      </Group>
                      <EmptySpace max="$pref" attributes="0"/>
                      <Component id="jLabel3" min="$pref" max="$pref" attributes="0"/>
                      <EmptySpace max="$pref" attributes="0"/>
                      <Component id="jTextField2" min="$pref" max="$pref" attributes="0"/>
                  </Group>
              </Group>
              <EmptySpace pref="97" max="Short.MAX_VALUE" attributes="4"/>
          </Group>
      </Group>
    </DimensionLayout>
  </Root>
</LayoutModel>
