<LayoutModel>
  <Root id="Form">
    <DimensionLayout dim="horizontal">
      <Group type="parallel" groupAlignment="leading" attributes="2048">
          <Group type="sequential" alignment="leading" attributes="0">
              <EmptySpace min="$pref" pref="114" max="$pref" attributes="0"/>
              <Group type="parallel" groupAlignment="leading" max="$pref" attributes="0">
                  <Component id="jButton1" min="$pref" pref="49" max="$pref" attributes="0"/>
                  <Component id="jButton2" pref="0" max="Short.MAX_VALUE" attributes="1537"/>
              </Group>
              <EmptySpace pref="237" max="Short.MAX_VALUE" attributes="4"/>
          </Group>
      </Group>
    </DimensionLayout>
    <DimensionLayout dim="vertical">
      <Group type="parallel" groupAlignment="leading" attributes="2048">
          <Group type="sequential" alignment="leading" attributes="0">
              <EmptySpace min="$pref" pref="44" max="$pref" attributes="0"/>
              <Component id="jButton1" min="$pref" max="$pref" attributes="0"/>
              <EmptySpace max="$pref" attributes="0"/>
              <Component id="jButton2" min="$pref" max="$pref" attributes="0"/>
              <EmptySpace pref="204" max="Short.MAX_VALUE" attributes="4"/>
          </Group>
      </Group>
    </DimensionLayout>
  </Root>
</LayoutModel>
