<LayoutModel>
  <Root id="Form">
    <DimensionLayout dim="horizontal">
      <Group type="parallel" groupAlignment="leading" attributes="0">
          <Group type="sequential" alignment="leading" attributes="0">
              <Component id="jTextField1" max="Short.MAX_VALUE" attributes="1536"/>
              <EmptySpace max="$pref" attributes="1024"/>
          </Group>
          <Group type="sequential" alignment="leading" attributes="0">
              <EmptySpace max="$pref" attributes="1024"/>
              <Component id="jButton1" min="$pref" max="$pref" attributes="1024"/>
              <EmptySpace pref="317" max="Short.MAX_VALUE" attributes="1024"/>
          </Group>
      </Group>
    </DimensionLayout>
    <DimensionLayout dim="vertical">
      <Group type="parallel" groupAlignment="leading" attributes="0">
          <Group type="sequential" alignment="leading" attributes="0">
              <EmptySpace max="$pref" attributes="0"/>
              <Component id="jTextField1" min="$pref" max="$pref" attributes="0"/>
              <EmptySpace max="$pref" attributes="0"/>
              <Component id="jButton1" min="$pref" max="$pref" attributes="0"/>
              <EmptySpace pref="240" max="Short.MAX_VALUE" attributes="4"/>
          </Group>
      </Group>
    </DimensionLayout>
  </Root>
</LayoutModel>
