<LayoutModel>
  <Root id="Form">
    <DimensionLayout dim="horizontal">
      <Group type="parallel" groupAlignment="leading" attributes="0">
          <Group type="sequential" alignment="trailing" attributes="0">
              <EmptySpace pref="216" max="Short.MAX_VALUE" attributes="4"/>
              <Component id="jTextField1" min="$pref" pref="134" max="$pref" attributes="0"/>
              <EmptySpace min="$pref" pref="50" max="$pref" attributes="0"/>
          </Group>
          <Group type="sequential" alignment="leading" attributes="0">
              <EmptySpace min="$pref" pref="20" max="$pref" attributes="0"/>
              <Group type="parallel" groupAlignment="leading" attributes="0">
                  <Component id="jButton1" alignment="leading" min="$pref" max="$pref" attributes="0"/>
                  <Component id="jToggleButton1" alignment="leading" min="$pref" max="$pref" attributes="0"/>
              </Group>
              <EmptySpace max="$pref" attributes="0"/>
          </Group>
      </Group>
    </DimensionLayout>
    <DimensionLayout dim="vertical">
      <Group type="parallel" groupAlignment="leading" attributes="0">
          <Group type="sequential" alignment="leading" attributes="0">
              <EmptySpace max="$pref" attributes="0"/>
              <Component id="jTextField1" alignment="baseline" min="$pref" max="$pref" attributes="0"/>
              <EmptySpace min="$pref" pref="70" max="$pref" attributes="0"/>
              <Component id="jButton1" min="$pref" max="$pref" attributes="0"/>
              <EmptySpace max="$pref" attributes="0"/>
              <Component id="jToggleButton1" min="$pref" max="$pref" attributes="0"/>
              <EmptySpace pref="147" max="Short.MAX_VALUE" attributes="4"/>
          </Group>
      </Group>
    </DimensionLayout>
  </Root>
</LayoutModel>
