<LayoutModel>
  <Root id="Form">
    <DimensionLayout dim="horizontal">
      <Group type="parallel" groupAlignment="leading" attributes="2048">
          <Group type="sequential" attributes="0">
              <EmptySpace max="$pref" attributes="0"/>
              <Group type="parallel" groupAlignment="leading" attributes="0">
                  <Group type="sequential" alignment="leading" attributes="0">
                      <Component id="jLabel1" min="$pref" max="$pref" attributes="0"/>
                      <EmptySpace max="$pref" attributes="0"/>
                      <Group type="parallel" groupAlignment="leading" attributes="0">
                          <Group type="sequential" attributes="0">
                              <Component id="jTextField1" max="Short.MAX_VALUE" attributes="512"/>
                              <EmptySpace max="$pref" attributes="0"/>
                              <Component id="jButton1" min="$pref" max="$pref" attributes="0"/>
                          </Group>
                          <Group type="sequential" attributes="0">
                              <Group type="parallel" groupAlignment="leading" attributes="0">
                                  <Component id="jRadioButton2" min="$pref" max="$pref" attributes="0"/>
                                  <Component id="jRadioButton1" min="$pref" max="$pref" attributes="0"/>
                              </Group>
                              <EmptySpace min="0" pref="207" max="Short.MAX_VALUE" attributes="0"/>
                          </Group>
                      </Group>
                  </Group>
                  <Group type="sequential" alignment="leading" attributes="0">
                      <Component id="jLabel2" min="$pref" max="$pref" attributes="1024"/>
                      <EmptySpace min="0" pref="0" max="Short.MAX_VALUE" attributes="1536"/>
                  </Group>
              </Group>
              <EmptySpace max="$pref" attributes="4"/>
          </Group>
      </Group>
    </DimensionLayout>
    <DimensionLayout dim="vertical">
      <Group type="parallel" groupAlignment="leading" attributes="2048">
          <Group type="sequential" alignment="leading" attributes="0">
              <EmptySpace max="$pref" attributes="0"/>
              <Group type="parallel" groupAlignment="baseline" attributes="0">
                  <Component id="jLabel1" alignment="baseline" min="$pref" max="$pref" attributes="0"/>
                  <Component id="jTextField1" alignment="baseline" min="$pref" max="$pref" attributes="0"/>
                  <Component id="jButton1" alignment="baseline" min="$pref" max="$pref" attributes="0"/>
              </Group>
              <EmptySpace max="$pref" attributes="0"/>
              <Component id="jRadioButton1" min="$pref" max="$pref" attributes="0"/>
              <EmptySpace max="$pref" attributes="0"/>
              <Component id="jRadioButton2" min="$pref" max="$pref" attributes="0"/>
              <EmptySpace max="$pref" attributes="1024"/>
              <Component id="jLabel2" min="$pref" max="$pref" attributes="1024"/>
              <EmptySpace pref="202" max="Short.MAX_VALUE" attributes="1028"/>
          </Group>
      </Group>
    </DimensionLayout>
  </Root>
</LayoutModel>
