<LayoutModel>
  <Root id="Form">
    <DimensionLayout dim="horizontal">
      <Group type="parallel" groupAlignment="leading" attributes="2048">
          <Group type="sequential" attributes="0">
              <Group type="parallel" groupAlignment="leading" attributes="0">
                  <Group type="sequential" alignment="leading" attributes="0">
                      <EmptySpace max="$pref" attributes="0"/>
                      <Component id="jScrollPane4" min="$pref" max="$pref" attributes="0"/>
                      <EmptySpace max="$pref" attributes="1024"/>
                      <Component id="jScrollPane1" min="$pref" pref="207" max="$pref" attributes="1024"/>
                      <EmptySpace type="separate" max="$pref" attributes="1024"/>
                      <Group type="parallel" groupAlignment="leading" attributes="0">
                          <Group type="sequential" attributes="0">
                              <Component id="jToggleButton1" min="$pref" max="$pref" attributes="0"/>
                              <EmptySpace type="separate" max="$pref" attributes="0"/>
                              <Component id="jSpinner1" min="$pref" pref="54" max="$pref" attributes="0"/>
                          </Group>
                          <Component id="jSlider1" min="$pref" max="$pref" attributes="0"/>
                      </Group>
                  </Group>
                  <Group type="sequential" alignment="leading" attributes="0">
                      <EmptySpace min="$pref" pref="27" max="$pref" attributes="0"/>
                      <Component id="jComboBox2" min="$pref" max="$pref" attributes="0"/>
                      <EmptySpace min="$pref" pref="29" max="$pref" attributes="0"/>
                      <Component id="jButton4" min="$pref" max="$pref" attributes="0"/>
                  </Group>
                  <Group type="sequential" attributes="0">
                      <EmptySpace max="$pref" attributes="0"/>
                      <Component id="jSeparator1" min="$pref" pref="506" max="$pref" attributes="0"/>
                  </Group>
              </Group>
              <EmptySpace max="Short.MAX_VALUE" attributes="4"/>
          </Group>
      </Group>
    </DimensionLayout>
    <DimensionLayout dim="vertical">
      <Group type="parallel" groupAlignment="leading" attributes="2048">
          <Group type="sequential" alignment="leading" attributes="0">
              <EmptySpace max="$pref" attributes="0"/>
              <Group type="parallel" groupAlignment="leading" max="$pref" attributes="0">
                  <Group type="sequential" attributes="0">
                      <EmptySpace min="0" pref="0" max="Short.MAX_VALUE" attributes="512"/>
                      <Component id="jSlider1" min="$pref" max="$pref" attributes="0"/>
                  </Group>
                  <Component id="jScrollPane4" min="$pref" max="$pref" attributes="0"/>
                  <Component id="jScrollPane1" max="Short.MAX_VALUE" attributes="512"/>
              </Group>
              <EmptySpace max="$pref" attributes="0"/>
              <Group type="parallel" groupAlignment="baseline" attributes="0">
                  <Component id="jToggleButton1" alignment="baseline" min="$pref" max="$pref" attributes="0"/>
                  <Component id="jSpinner1" alignment="baseline" min="$pref" max="$pref" attributes="0"/>
              </Group>
              <EmptySpace max="Short.MAX_VALUE" attributes="0"/>
              <Group type="parallel" groupAlignment="leading" attributes="0">
                  <Component id="jButton4" alignment="leading" min="$pref" max="$pref" attributes="0"/>
                  <Component id="jComboBox2" min="$pref" max="$pref" attributes="0"/>
              </Group>
              <EmptySpace type="separate" max="$pref" attributes="0"/>
              <Component id="jSeparator1" min="$pref" pref="10" max="$pref" attributes="0"/>
              <EmptySpace min="$pref" max="$pref" attributes="0"/>
          </Group>
      </Group>
    </DimensionLayout>
  </Root>
</LayoutModel>
