<LayoutModel>
  <Root id="Form">
    <DimensionLayout dim="horizontal">
      <Group type="parallel" groupAlignment="leading" attributes="0">
          <Group type="sequential" alignment="trailing" attributes="0">
              <Group type="parallel" groupAlignment="trailing" attributes="0">
                  <Group type="sequential" alignment="trailing" attributes="0">
                      <EmptySpace pref="80" max="Short.MAX_VALUE" attributes="4"/>
                      <Component id="jTextField1" min="$pref" pref="265" max="$pref" attributes="0"/>
                  </Group>
                  <Group type="sequential" alignment="trailing" attributes="0">
                      <Group type="parallel" groupAlignment="trailing" attributes="0">
                          <Group type="sequential" attributes="512">
                              <Component id="jButton2" min="$pref" max="$pref" attributes="0"/>
                              <EmptySpace min="$pref" pref="124" max="$pref" attributes="0"/>
                          </Group>
                          <Group type="sequential" alignment="leading" attributes="0">
                              <EmptySpace min="$pref" pref="98" max="$pref" attributes="0"/>
                              <Component id="jButton1" min="$pref" max="$pref" attributes="0"/>
                              <EmptySpace max="Short.MAX_VALUE" attributes="0"/>
                          </Group>
                      </Group>
                      <Component id="jLabel1" min="$pref" max="$pref" attributes="0"/>
                  </Group>
              </Group>
              <EmptySpace min="$pref" pref="55" max="$pref" attributes="0"/>
          </Group>
      </Group>
    </DimensionLayout>
    <DimensionLayout dim="vertical">
      <Group type="parallel" groupAlignment="leading" attributes="512">
          <Group type="sequential" alignment="leading" attributes="512">
              <EmptySpace max="$pref" attributes="0"/>
              <Component id="jTextField1" min="$pref" max="$pref" attributes="0"/>
              <Group type="parallel" groupAlignment="leading" attributes="512">
                  <Group type="sequential" attributes="512">
                      <EmptySpace max="$pref" attributes="0"/>
                      <Group type="parallel" groupAlignment="baseline" attributes="512">
                          <Component id="jLabel1" alignment="baseline" min="$pref" max="$pref" attributes="0"/>
                          <Component id="jButton1" alignment="baseline" min="$pref" max="$pref" attributes="0"/>
                      </Group>
                  </Group>
                  <Group type="sequential" alignment="leading" attributes="512">
                      <EmptySpace min="$pref" pref="63" max="$pref" attributes="0"/>
                      <Component id="jButton2" min="$pref" max="$pref" attributes="0"/>
                  </Group>
              </Group>
              <EmptySpace pref="183" max="Short.MAX_VALUE" attributes="4"/>
          </Group>
      </Group>
    </DimensionLayout>
  </Root>
</LayoutModel>
