<LayoutModel>
  <Root id="Form">
    <DimensionLayout dim="horizontal">
      <Group type="parallel" groupAlignment="leading" attributes="2048">
          <Group type="sequential" alignment="leading" attributes="0">
              <EmptySpace min="$pref" pref="66" max="$pref" attributes="0"/>
              <Group type="parallel" groupAlignment="leading" attributes="0">
                  <Group type="sequential" alignment="trailing" attributes="0">
                      <Component id="jLabel1" min="$pref" max="$pref" attributes="0"/>
                      <EmptySpace min="$pref" max="$pref" attributes="0"/>
                      <Component id="jTextField1" pref="120" max="Short.MAX_VALUE" attributes="0"/>
                  </Group>
                  <Group type="sequential" alignment="trailing" attributes="0">
                      <Component id="jSlider1" min="$pref" pref="170" max="$pref" attributes="0"/>
                      <EmptySpace max="$pref" attributes="0"/>
                      <Component id="jButton1" min="$pref" max="$pref" attributes="0"/>
                  </Group>
                  <Component id="jToggleButton1" alignment="trailing" min="$pref" max="$pref" attributes="0"/>
              </Group>
              <EmptySpace min="$pref" pref="100" max="$pref" attributes="4"/>
          </Group>
      </Group>
    </DimensionLayout>
    <DimensionLayout dim="vertical">
      <Group type="parallel" groupAlignment="leading" attributes="2048">
          <Group type="sequential" alignment="leading" attributes="0">
              <EmptySpace min="$pref" pref="106" max="$pref" attributes="0"/>
              <Component id="jToggleButton1" min="$pref" max="$pref" attributes="0"/>
              <EmptySpace max="$pref" attributes="0"/>
              <Group type="parallel" groupAlignment="trailing" attributes="0">
                  <Component id="jButton1" min="$pref" max="$pref" attributes="0"/>
                  <Component id="jSlider1" min="$pref" max="$pref" attributes="0"/>
              </Group>
              <EmptySpace max="$pref" attributes="0"/>
              <Group type="parallel" groupAlignment="baseline" attributes="0">
                  <Component id="jLabel1" alignment="baseline" min="$pref" max="$pref" attributes="0"/>
                  <Component id="jTextField1" alignment="baseline" min="$pref" max="$pref" attributes="0"/>
              </Group>
              <EmptySpace pref="116" max="Short.MAX_VALUE" attributes="4"/>
          </Group>
      </Group>
    </DimensionLayout>
  </Root>
</LayoutModel>
