<LayoutModel>
  <Root id="Form">
    <DimensionLayout dim="horizontal">
      <Group type="parallel" groupAlignment="leading" attributes="2048">
          <Group type="sequential" alignment="leading" attributes="0">
              <EmptySpace min="$pref" pref="133" max="$pref" attributes="0"/>
              <Group type="parallel" groupAlignment="leading" attributes="0">
                  <Group type="parallel" alignment="leading" groupAlignment="leading" max="$pref" attributes="0">
                      <Component id="jButton1" max="Short.MAX_VALUE" attributes="1"/>
                      <Component id="jButton2" alignment="leading" max="Short.MAX_VALUE" attributes="1"/>
                  </Group>
                  <Group type="sequential" alignment="leading" attributes="0">
                      <Component id="jLabel1" min="$pref" max="$pref" attributes="0"/>
                      <EmptySpace max="$pref" attributes="1024"/>
                      <Component id="jButton3" min="$pref" max="$pref" attributes="1024"/>
                  </Group>
              </Group>
              <EmptySpace pref="156" max="Short.MAX_VALUE" attributes="4"/>
          </Group>
      </Group>
    </DimensionLayout>
    <DimensionLayout dim="vertical">
      <Group type="parallel" groupAlignment="leading" attributes="2048">
          <Group type="sequential" alignment="leading" attributes="0">
              <EmptySpace min="$pref" pref="75" max="$pref" attributes="0"/>
              <Component id="jButton1" min="$pref" max="$pref" attributes="0"/>
              <EmptySpace type="unrelated" max="$pref" attributes="0"/>
              <Group type="parallel" groupAlignment="baseline" attributes="0">
                  <Component id="jLabel1" alignment="baseline" min="$pref" max="$pref" attributes="0"/>
                  <Component id="jButton3" alignment="baseline" min="$pref" max="$pref" attributes="1024"/>
              </Group>
              <EmptySpace type="unrelated" max="$pref" attributes="0"/>
              <Component id="jButton2" min="$pref" max="$pref" attributes="0"/>
              <EmptySpace pref="134" max="Short.MAX_VALUE" attributes="4"/>
          </Group>
      </Group>
    </DimensionLayout>
  </Root>
</LayoutModel>
