<LayoutModel>
  <Root id="Form">
    <DimensionLayout dim="horizontal">
      <Group type="parallel" groupAlignment="leading" attributes="2048">
          <Group type="sequential" attributes="0">
              <EmptySpace max="$pref" attributes="0"/>
              <Group type="parallel" groupAlignment="leading" attributes="0">
                  <Group type="sequential" alignment="leading" attributes="0">
                      <Group type="parallel" groupAlignment="leading" attributes="0">
                          <Component id="jScrollPane1" alignment="leading" min="$pref" pref="144" max="$pref" attributes="0"/>
                          <Component id="jPanel1" alignment="leading" min="$pref" max="$pref" attributes="0"/>
                      </Group>
                      <EmptySpace max="$pref" attributes="0"/>
                      <Component id="jScrollPane3" min="$pref" max="$pref" attributes="0"/>
                  </Group>
                  <Group type="sequential" alignment="leading" attributes="0">
                      <Component id="jScrollPane2" min="$pref" max="$pref" attributes="0"/>
                      <EmptySpace min="$pref" pref="41" max="$pref" attributes="1024"/>
                      <Component id="jProgressBar1" min="$pref" max="$pref" attributes="1024"/>
                  </Group>
              </Group>
              <EmptySpace pref="74" max="Short.MAX_VALUE" attributes="1028"/>
          </Group>
      </Group>
    </DimensionLayout>
    <DimensionLayout dim="vertical">
      <Group type="parallel" groupAlignment="leading" attributes="2048">
          <Group type="sequential" alignment="leading" attributes="0">
              <EmptySpace max="$pref" attributes="0"/>
              <Group type="parallel" groupAlignment="leading" max="$pref" attributes="0">
                  <Group type="sequential" attributes="0">
                      <Component id="jScrollPane3" min="$pref" pref="267" max="$pref" attributes="1024"/>
                      <EmptySpace max="Short.MAX_VALUE" attributes="1536"/>
                      <Component id="jProgressBar1" min="$pref" max="$pref" attributes="1024"/>
                  </Group>
                  <Group type="sequential" attributes="0">
                      <Component id="jScrollPane1" min="$pref" pref="118" max="$pref" attributes="0"/>
                      <EmptySpace max="$pref" attributes="0"/>
                      <Component id="jPanel1" min="$pref" max="$pref" attributes="0"/>
                      <EmptySpace max="$pref" attributes="0"/>
                      <Component id="jScrollPane2" min="$pref" pref="107" max="$pref" attributes="0"/>
                  </Group>
              </Group>
              <EmptySpace pref="134" max="Short.MAX_VALUE" attributes="1028"/>
          </Group>
      </Group>
    </DimensionLayout>
  </Root>
  <Root id="jPanel1">
    <DimensionLayout dim="horizontal">
      <Group type="parallel" groupAlignment="leading" attributes="2048">
          <EmptySpace min="0" pref="100" max="Short.MAX_VALUE" attributes="0"/>
      </Group>
    </DimensionLayout>
    <DimensionLayout dim="vertical">
      <Group type="parallel" groupAlignment="leading" attributes="2048">
          <EmptySpace min="0" pref="100" max="Short.MAX_VALUE" attributes="0"/>
      </Group>
    </DimensionLayout>
  </Root>
</LayoutModel>
