<LayoutModel>
  <Root id="Form">
    <DimensionLayout dim="horizontal">
      <Group type="parallel" groupAlignment="leading" attributes="2048">
          <Group type="sequential" attributes="0">
              <EmptySpace pref="274" max="Short.MAX_VALUE" attributes="1028"/>
              <Group type="parallel" groupAlignment="leading" attributes="0">
                  <Group type="sequential" alignment="trailing" attributes="0">
                      <Component id="jLabel1" min="$pref" max="$pref" attributes="1024"/>
                      <EmptySpace min="$pref" pref="61" max="$pref" attributes="1024"/>
                  </Group>
                  <Group type="sequential" alignment="trailing" attributes="0">
                      <Component id="jButton1" min="$pref" pref="94" max="$pref" attributes="1024"/>
                      <EmptySpace min="$pref" pref="32" max="$pref" attributes="1024"/>
                  </Group>
              </Group>
          </Group>
      </Group>
    </DimensionLayout>
    <DimensionLayout dim="vertical">
      <Group type="parallel" groupAlignment="leading" attributes="2048">
          <Group type="sequential" alignment="leading" attributes="0">
              <EmptySpace min="$pref" pref="37" max="$pref" attributes="1024"/>
              <Component id="jLabel1" min="$pref" max="$pref" attributes="1024"/>
              <EmptySpace max="$pref" attributes="1024"/>
              <Component id="jButton1" min="$pref" pref="43" max="$pref" attributes="1024"/>
              <EmptySpace pref="200" max="Short.MAX_VALUE" attributes="1028"/>
          </Group>
      </Group>
    </DimensionLayout>
  </Root>
</LayoutModel>
