<LayoutModel>
  <Root id="Form">
    <DimensionLayout dim="horizontal">
      <Group type="parallel" groupAlignment="leading" attributes="0">
          <Group type="sequential" alignment="leading" attributes="0">
              <EmptySpace min="$pref" pref="94" max="$pref" attributes="12"/>
              <Group type="parallel" groupAlignment="leading" attributes="16">
                  <Group type="sequential" attributes="0">
                      <Component id="jLabel4" min="$pref" max="$pref" attributes="0"/>
                      <EmptySpace max="Short.MAX_VALUE" attributes="512"/>
                  </Group>
                  <Group type="sequential" attributes="0">
                      <Group type="parallel" groupAlignment="trailing" attributes="0">
                          <Component id="jLabel2" alignment="trailing" max="Short.MAX_VALUE" attributes="0"/>
                          <Component id="jLabel1" alignment="trailing" min="$pref" max="$pref" attributes="0"/>
                          <Component id="jLabel3" alignment="trailing" min="$pref" max="$pref" attributes="0"/>
                      </Group>
                      <EmptySpace min="$pref" pref="225" max="$pref" attributes="0"/>
                  </Group>
              </Group>
          </Group>
      </Group>
    </DimensionLayout>
    <DimensionLayout dim="vertical">
      <Group type="parallel" groupAlignment="leading" attributes="0">
          <Group type="sequential" alignment="leading" attributes="0">
              <EmptySpace min="$pref" pref="50" max="$pref" attributes="16"/>
              <Component id="jLabel1" min="$pref" max="$pref" attributes="16"/>
              <EmptySpace max="$pref" attributes="16"/>
              <Component id="jLabel2" min="$pref" max="$pref" attributes="16"/>
              <EmptySpace max="$pref" attributes="16"/>
              <Component id="jLabel3" min="$pref" max="$pref" attributes="16"/>
              <EmptySpace type="unrelated" max="$pref" attributes="16"/>
              <Component id="jLabel4" min="$pref" max="$pref" attributes="16"/>
              <EmptySpace pref="171" max="Short.MAX_VALUE" attributes="12"/>
          </Group>
      </Group>
    </DimensionLayout>
  </Root>
</LayoutModel>
