<LayoutModel>
  <Root id="Form">
    <DimensionLayout dim="horizontal">
      <Group type="parallel" groupAlignment="leading" attributes="2048">
          <Group type="sequential" alignment="leading" attributes="0">
              <EmptySpace min="$pref" pref="44" max="$pref" attributes="0"/>
              <Group type="parallel" groupAlignment="leading" max="$pref" attributes="0">
                  <Component id="jLabel1" alignment="trailing" min="$pref" max="$pref" attributes="0"/>
                  <Component id="jTextField1" pref="266" max="Short.MAX_VALUE" attributes="0"/>
                  <Component id="jTextField2" max="Short.MAX_VALUE" attributes="512"/>
                  <Component id="jTextField3" alignment="leading" max="Short.MAX_VALUE" attributes="1536"/>
              </Group>
              <EmptySpace pref="35" max="Short.MAX_VALUE" attributes="4"/>
              <Component id="jScrollPane1" min="$pref" max="$pref" attributes="0"/>
              <EmptySpace min="$pref" pref="20" max="$pref" attributes="0"/>
          </Group>
      </Group>
    </DimensionLayout>
    <DimensionLayout dim="vertical">
      <Group type="parallel" groupAlignment="leading" attributes="2048">
          <Group type="sequential" alignment="leading" attributes="0">
              <EmptySpace min="$pref" pref="50" max="$pref" attributes="0"/>
              <Group type="parallel" groupAlignment="leading" attributes="0">
                  <Component id="jScrollPane1" min="$pref" max="$pref" attributes="0"/>
                  <Group type="sequential" attributes="0">
                      <Component id="jTextField1" min="$pref" max="$pref" attributes="0"/>
                      <EmptySpace max="$pref" attributes="0"/>
                      <Component id="jTextField2" min="$pref" max="$pref" attributes="0"/>
                      <EmptySpace max="$pref" attributes="0"/>
                      <Component id="jLabel1" min="$pref" max="$pref" attributes="0"/>
                      <EmptySpace min="$pref" pref="46" max="$pref" attributes="0"/>
                      <Component id="jTextField3" min="$pref" max="$pref" attributes="0"/>
                  </Group>
              </Group>
              <EmptySpace pref="118" max="Short.MAX_VALUE" attributes="4"/>
          </Group>
      </Group>
    </DimensionLayout>
  </Root>
</LayoutModel>
