<LayoutModel>
  <Root id="Form">
    <DimensionLayout dim="horizontal">
      <Group type="parallel" groupAlignment="leading" attributes="2048">
          <Group type="sequential" alignment="leading" attributes="0">
              <EmptySpace min="$pref" pref="83" max="$pref" attributes="0"/>
              <Component id="jScrollPane1" min="$pref" max="$pref" attributes="0"/>
              <EmptySpace max="$pref" attributes="0"/>
              <Component id="jLabel1" min="$pref" max="$pref" attributes="0"/>
              <EmptySpace max="$pref" attributes="0"/>
              <Component id="jLabel2" min="$pref" max="$pref" attributes="0"/>
              <EmptySpace max="$pref" attributes="0"/>
              <Component id="jButton1" min="$pref" max="$pref" attributes="0"/>
              <EmptySpace pref="127" max="Short.MAX_VALUE" attributes="4"/>
          </Group>
      </Group>
    </DimensionLayout>
    <DimensionLayout dim="vertical">
      <Group type="parallel" groupAlignment="leading" attributes="2048">
          <Group type="sequential" attributes="0">
              <Group type="parallel" groupAlignment="leading" attributes="0">
                  <Group type="sequential" alignment="leading" attributes="0">
                      <EmptySpace min="$pref" pref="52" max="$pref" attributes="0"/>
                      <Component id="jScrollPane1" min="$pref" max="$pref" attributes="0"/>
                  </Group>
                  <Group type="sequential" alignment="leading" attributes="0">
                      <EmptySpace min="$pref" pref="109" max="$pref" attributes="0"/>
                      <Group type="parallel" groupAlignment="baseline" attributes="0">
                          <Component id="jLabel1" alignment="baseline" min="$pref" max="$pref" attributes="0"/>
                          <Component id="jLabel2" alignment="baseline" min="$pref" max="$pref" attributes="0"/>
                          <Component id="jButton1" alignment="baseline" min="$pref" max="$pref" attributes="1024"/>
                      </Group>
                  </Group>
              </Group>
              <EmptySpace pref="118" max="Short.MAX_VALUE" attributes="4"/>
          </Group>
      </Group>
    </DimensionLayout>
  </Root>
</LayoutModel>
