<LayoutModel>
  <Root id="Form">
    <DimensionLayout dim="horizontal">
      <Group type="parallel" groupAlignment="leading" attributes="512">
          <Group type="sequential" attributes="512">
              <Group type="parallel" groupAlignment="leading" attributes="512">
                  <Group type="sequential" alignment="leading" attributes="512">
                      <EmptySpace min="$pref" pref="41" max="$pref" attributes="0"/>
                      <Group type="parallel" groupAlignment="leading" attributes="512">
                          <Component id="jButton2" alignment="leading" min="$pref" max="$pref" attributes="0"/>
                          <Component id="jButton1" alignment="leading" min="$pref" max="$pref" attributes="0"/>
                      </Group>
                  </Group>
                  <Group type="sequential" alignment="leading" attributes="512">
                      <EmptySpace min="$pref" pref="80" max="$pref" attributes="0"/>
                      <Component id="jToggleButton1" min="$pref" max="$pref" attributes="0"/>
                  </Group>
              </Group>
              <EmptySpace pref="215" max="Short.MAX_VALUE" attributes="4"/>
          </Group>
      </Group>
    </DimensionLayout>
    <DimensionLayout dim="vertical">
      <Group type="parallel" groupAlignment="leading" attributes="0">
          <Group type="sequential" alignment="leading" attributes="0">
              <EmptySpace min="$pref" pref="34" max="$pref" attributes="0"/>
              <Component id="jButton1" min="$pref" max="$pref" attributes="0"/>
              <EmptySpace max="$pref" attributes="0"/>
              <Component id="jButton2" min="$pref" max="$pref" attributes="0"/>
              <EmptySpace pref="147" max="Short.MAX_VALUE" attributes="4"/>
              <Component id="jToggleButton1" min="$pref" max="$pref" attributes="0"/>
              <EmptySpace min="$pref" pref="44" max="$pref" attributes="0"/>
          </Group>
      </Group>
    </DimensionLayout>
  </Root>
</LayoutModel>
