<LayoutModel>
  <Root id="Form">
    <DimensionLayout dim="horizontal">
      <Group type="parallel" groupAlignment="leading" attributes="512">
          <Group type="sequential" alignment="leading" attributes="512">
              <EmptySpace min="$pref" pref="25" max="$pref" attributes="0"/>
              <Component id="jScrollPane1" min="$pref" max="$pref" attributes="0"/>
              <EmptySpace max="$pref" attributes="0"/>
              <Group type="parallel" groupAlignment="leading" attributes="512">
                  <Group type="sequential" alignment="leading" attributes="512">
                      <EmptySpace min="0" pref="192" max="Short.MAX_VALUE" attributes="1024"/>
                      <Component id="jButton4" min="$pref" max="$pref" attributes="0"/>
                      <EmptySpace min="$pref" pref="69" max="$pref" attributes="0"/>
                  </Group>
                  <Group type="sequential" attributes="512">
                      <Group type="parallel" groupAlignment="leading" attributes="512">
                          <Component id="jButton1" min="$pref" max="$pref" attributes="0"/>
                          <Group type="sequential" alignment="leading" attributes="512">
                              <Component id="jButton2" min="$pref" max="$pref" attributes="0"/>
                              <EmptySpace max="$pref" attributes="0"/>
                              <Component id="jLabel1" min="$pref" max="$pref" attributes="0"/>
                          </Group>
                          <Component id="jButton3" min="$pref" max="$pref" attributes="0"/>
                      </Group>
                      <EmptySpace max="Short.MAX_VALUE" attributes="0"/>
                  </Group>
              </Group>
          </Group>
      </Group>
    </DimensionLayout>
    <DimensionLayout dim="vertical">
      <Group type="parallel" groupAlignment="leading" attributes="0">
          <Group type="sequential" alignment="leading" attributes="0">
              <EmptySpace min="$pref" pref="52" max="$pref" attributes="0"/>
              <Group type="parallel" groupAlignment="leading" attributes="0">
                  <Group type="sequential" alignment="leading" attributes="0">
                      <Component id="jScrollPane1" min="$pref" pref="190" max="$pref" attributes="0"/>
                      <EmptySpace max="Short.MAX_VALUE" attributes="1536"/>
                  </Group>
                  <Group type="sequential" alignment="leading" attributes="0">
                      <Component id="jButton1" min="$pref" max="$pref" attributes="0"/>
                      <EmptySpace min="$pref" pref="99" max="$pref" attributes="1024"/>
                      <Component id="jButton4" min="$pref" max="$pref" attributes="0"/>
                      <EmptySpace pref="30" max="Short.MAX_VALUE" attributes="1024"/>
                      <Group type="parallel" groupAlignment="baseline" attributes="0">
                          <Component id="jButton2" alignment="baseline" min="$pref" max="$pref" attributes="0"/>
                          <Component id="jLabel1" alignment="baseline" min="$pref" max="$pref" attributes="0"/>
                      </Group>
                      <EmptySpace max="$pref" attributes="0"/>
                      <Component id="jButton3" min="$pref" max="$pref" attributes="0"/>
                      <EmptySpace min="$pref" pref="56" max="$pref" attributes="1024"/>
                  </Group>
              </Group>
          </Group>
      </Group>
    </DimensionLayout>
  </Root>
</LayoutModel>
