<LayoutModel>
  <Root id="Form">
    <DimensionLayout dim="horizontal">
      <Group type="parallel" groupAlignment="leading" attributes="2048">
          <Group type="sequential" attributes="0">
              <EmptySpace min="370" pref="370" max="370" attributes="0"/>
              <Component id="jButton1" min="$pref" max="$pref" attributes="0"/>
          </Group>
          <Group type="sequential" attributes="0">
              <EmptySpace min="370" pref="370" max="370" attributes="0"/>
              <Component id="jCheckBox1" min="$pref" max="$pref" attributes="0"/>
          </Group>
          <Group type="sequential" attributes="0">
              <EmptySpace min="28" pref="28" max="28" attributes="0"/>
              <Component id="jPanel1" min="$pref" max="$pref" attributes="0"/>
              <EmptySpace min="5" pref="5" max="5" attributes="0"/>
              <Component id="jScrollPane1" min="$pref" pref="108" max="$pref" attributes="0"/>
          </Group>
          <Group type="sequential" attributes="0">
              <EmptySpace min="28" pref="28" max="28" attributes="0"/>
              <Component id="jToggleButton1" min="$pref" max="$pref" attributes="0"/>
              <EmptySpace min="215" pref="215" max="215" attributes="0"/>
              <Component id="jScrollBar1" min="$pref" max="$pref" attributes="0"/>
          </Group>
      </Group>
    </DimensionLayout>
    <DimensionLayout dim="vertical">
      <Group type="parallel" groupAlignment="leading" attributes="2048">
          <Group type="sequential" attributes="0">
              <EmptySpace min="47" pref="47" max="47" attributes="0"/>
              <Component id="jButton1" min="$pref" max="$pref" attributes="0"/>
              <EmptySpace min="5" pref="5" max="5" attributes="0"/>
              <Component id="jCheckBox1" min="$pref" max="$pref" attributes="0"/>
              <EmptySpace min="5" pref="5" max="5" attributes="0"/>
              <Group type="parallel" groupAlignment="leading" attributes="0">
                  <Component id="jPanel1" min="$pref" max="$pref" attributes="0"/>
                  <Component id="jScrollPane1" min="$pref" max="$pref" attributes="0"/>
              </Group>
              <EmptySpace min="10" pref="10" max="10" attributes="0"/>
              <Group type="parallel" groupAlignment="leading" attributes="0">
                  <Component id="jToggleButton1" min="$pref" max="$pref" attributes="0"/>
                  <Component id="jScrollBar1" min="$pref" max="$pref" attributes="0"/>
              </Group>
          </Group>
      </Group>
    </DimensionLayout>
  </Root>
  <Root id="jPanel1">
    <DimensionLayout dim="horizontal">
      <Group type="parallel" groupAlignment="leading" attributes="2048">
          <Group type="sequential" alignment="leading" attributes="0">
              <EmptySpace max="$pref" attributes="0"/>
              <Component id="jSplitPane1" min="$pref" max="$pref" attributes="0"/>
              <EmptySpace pref="121" max="Short.MAX_VALUE" attributes="4"/>
          </Group>
      </Group>
    </DimensionLayout>
    <DimensionLayout dim="vertical">
      <Group type="parallel" groupAlignment="leading" attributes="2048">
          <Group type="sequential" alignment="leading" attributes="0">
              <EmptySpace max="$pref" attributes="0"/>
              <Component id="jSplitPane1" min="$pref" max="$pref" attributes="0"/>
              <EmptySpace pref="64" max="Short.MAX_VALUE" attributes="4"/>
          </Group>
      </Group>
    </DimensionLayout>
  </Root>
</LayoutModel>
