<LayoutModel>
  <Root id="Form">
    <DimensionLayout dim="horizontal">
      <Group type="parallel" groupAlignment="leading" attributes="0">
          <Group type="sequential" alignment="leading" attributes="0">
              <EmptySpace min="$pref" pref="43" max="$pref" attributes="0"/>
              <Group type="parallel" groupAlignment="trailing" attributes="0">
                  <Component id="jButton3" alignment="leading" pref="141" max="Short.MAX_VALUE" attributes="0"/>
                  <Component id="jButton2" alignment="leading" max="Short.MAX_VALUE" attributes="512"/>
              </Group>
              <EmptySpace min="$pref" max="$pref" attributes="0"/>
              <Group type="parallel" groupAlignment="leading" attributes="0">
                  <Component id="jTextField1" pref="143" max="Short.MAX_VALUE" attributes="0"/>
                  <Component id="jTextField2" pref="143" max="Short.MAX_VALUE" attributes="0"/>
                  <Component id="jTextField3" pref="143" max="Short.MAX_VALUE" attributes="0"/>
              </Group>
              <EmptySpace min="$pref" pref="67" max="$pref" attributes="4"/>
          </Group>
      </Group>
    </DimensionLayout>
    <DimensionLayout dim="vertical">
      <Group type="parallel" groupAlignment="leading" attributes="512">
          <Group type="sequential" alignment="leading" attributes="512">
              <EmptySpace min="$pref" pref="43" max="$pref" attributes="0"/>
              <Component id="jTextField1" min="$pref" max="$pref" attributes="0"/>
              <EmptySpace max="$pref" attributes="0"/>
              <Group type="parallel" groupAlignment="baseline" attributes="512">
                  <Component id="jButton2" alignment="baseline" min="$pref" max="$pref" attributes="0"/>
                  <Component id="jTextField2" alignment="baseline" min="$pref" max="$pref" attributes="0"/>
              </Group>
              <EmptySpace max="$pref" attributes="0"/>
              <Group type="parallel" groupAlignment="baseline" attributes="512">
                  <Component id="jButton3" alignment="baseline" min="$pref" max="$pref" attributes="0"/>
                  <Component id="jTextField3" alignment="baseline" min="$pref" max="$pref" attributes="0"/>
              </Group>
              <EmptySpace pref="180" max="Short.MAX_VALUE" attributes="4"/>
          </Group>
      </Group>
    </DimensionLayout>
  </Root>
</LayoutModel>
