<LayoutModel>
  <Root id="Form">
    <DimensionLayout dim="horizontal">
      <Group type="parallel" groupAlignment="leading" attributes="2048">
          <Group type="sequential" alignment="trailing" attributes="0">
              <EmptySpace pref="262" max="Short.MAX_VALUE" attributes="4"/>
              <Group type="parallel" groupAlignment="leading" max="$pref" attributes="0">
                  <Group type="sequential" attributes="0">
                      <Component id="jButton1" min="$pref" pref="128" max="$pref" attributes="1024"/>
                      <EmptySpace max="$pref" attributes="1024"/>
                  </Group>
                  <Component id="jButton2" max="Short.MAX_VALUE" attributes="1537"/>
              </Group>
          </Group>
      </Group>
    </DimensionLayout>
    <DimensionLayout dim="vertical">
      <Group type="parallel" groupAlignment="leading" attributes="2048">
          <Group type="sequential" alignment="leading" attributes="0">
              <EmptySpace min="$pref" pref="68" max="$pref" attributes="0"/>
              <Component id="jButton1" min="$pref" max="$pref" attributes="0"/>
              <EmptySpace max="$pref" attributes="0"/>
              <Component id="jButton2" min="$pref" max="$pref" attributes="0"/>
              <EmptySpace pref="180" max="Short.MAX_VALUE" attributes="4"/>
          </Group>
      </Group>
    </DimensionLayout>
  </Root>
</LayoutModel>
