<LayoutModel>
  <Root id="Form">
    <DimensionLayout dim="horizontal">
      <Group type="parallel" groupAlignment="leading" attributes="512">
          <Group type="sequential" alignment="leading" attributes="512">
              <EmptySpace min="$pref" pref="44" max="$pref" attributes="0"/>
              <Group type="parallel" groupAlignment="leading" attributes="512">
                  <Component id="jLabel3" alignment="leading" min="$pref" max="$pref" attributes="0"/>
                  <Component id="jLabel2" alignment="leading" min="$pref" max="$pref" attributes="0"/>
                  <Component id="jLabel1" alignment="leading" min="$pref" max="$pref" attributes="0"/>
              </Group>
              <EmptySpace pref="126" max="Short.MAX_VALUE" attributes="4"/>
              <Group type="parallel" groupAlignment="leading" attributes="512">
                  <Component id="jLabel5" alignment="trailing" min="$pref" max="$pref" attributes="0"/>
                  <Group type="sequential" alignment="trailing" attributes="512">
                      <Component id="jButton1" min="$pref" max="$pref" attributes="0"/>
                      <EmptySpace min="$pref" pref="42" max="$pref" attributes="0"/>
                      <Component id="jLabel4" min="$pref" max="$pref" attributes="0"/>
                  </Group>
                  <Component id="jLabel6" alignment="trailing" min="$pref" max="$pref" attributes="0"/>
              </Group>
              <EmptySpace min="$pref" pref="47" max="$pref" attributes="0"/>
          </Group>
      </Group>
    </DimensionLayout>
    <DimensionLayout dim="vertical">
      <Group type="parallel" groupAlignment="leading" attributes="512">
          <Group type="sequential" alignment="leading" attributes="512">
              <EmptySpace min="$pref" pref="68" max="$pref" attributes="0"/>
              <Group type="parallel" groupAlignment="baseline" attributes="512">
                  <Component id="jLabel1" alignment="baseline" min="$pref" max="$pref" attributes="0"/>
                  <Component id="jLabel4" alignment="baseline" min="$pref" max="$pref" attributes="0"/>
                  <Component id="jButton1" alignment="baseline" min="$pref" max="$pref" attributes="0"/>
              </Group>
              <EmptySpace max="$pref" attributes="0"/>
              <Group type="parallel" groupAlignment="baseline" attributes="512">
                  <Component id="jLabel2" alignment="baseline" min="$pref" max="$pref" attributes="0"/>
                  <Component id="jLabel5" alignment="baseline" min="$pref" max="$pref" attributes="0"/>
              </Group>
              <EmptySpace max="$pref" attributes="0"/>
              <Group type="parallel" groupAlignment="baseline" attributes="512">
                  <Component id="jLabel3" alignment="baseline" min="$pref" max="$pref" attributes="0"/>
                  <Component id="jLabel6" alignment="baseline" min="$pref" max="$pref" attributes="0"/>
              </Group>
              <EmptySpace pref="169" max="Short.MAX_VALUE" attributes="4"/>
          </Group>
      </Group>
    </DimensionLayout>
  </Root>
</LayoutModel>
