<LayoutModel>
  <Root id="Form">
    <DimensionLayout dim="horizontal">
      <Group type="parallel" groupAlignment="leading" attributes="2048">
          <Group type="sequential" alignment="leading" attributes="0">
              <EmptySpace max="$pref" attributes="0"/>
              <Component id="jButton1" min="$pref" max="$pref" attributes="0"/>
              <EmptySpace max="$pref" attributes="0"/>
              <Component id="jButton2" min="$pref" max="$pref" attributes="0"/>
              <EmptySpace max="$pref" attributes="0"/>
              <Component id="jButton3" min="$pref" max="$pref" attributes="0"/>
              <EmptySpace max="$pref" attributes="0"/>
              <Component id="jButton4" min="$pref" max="$pref" attributes="0"/>
              <EmptySpace pref="80" max="Short.MAX_VALUE" attributes="4"/>
          </Group>
      </Group>
    </DimensionLayout>
    <DimensionLayout dim="vertical">
      <Group type="parallel" groupAlignment="leading" attributes="2048">
          <Group type="sequential" alignment="leading" attributes="0">
              <EmptySpace max="$pref" attributes="0"/>
              <Group type="parallel" groupAlignment="leading" attributes="0">
                  <Component id="jButton1" max="Short.MAX_VALUE" attributes="1536"/>
                  <Group type="sequential" attributes="0">
                      <Group type="parallel" groupAlignment="leading" attributes="0">
                          <Component id="jButton2" max="Short.MAX_VALUE" attributes="1536"/>
                          <Group type="sequential" attributes="0">
                              <Group type="parallel" groupAlignment="baseline" attributes="0">
                                  <Component id="jButton3" alignment="baseline" min="$pref" pref="149" max="$pref" attributes="1024"/>
                                  <Component id="jButton4" alignment="baseline" min="$pref" pref="149" max="$pref" attributes="1024"/>
                              </Group>
                              <EmptySpace min="0" pref="129" max="Short.MAX_VALUE" attributes="0"/>
                          </Group>
                      </Group>
                      <EmptySpace max="$pref" attributes="4"/>
                  </Group>
              </Group>
          </Group>
      </Group>
    </DimensionLayout>
  </Root>
</LayoutModel>
