<LayoutModel>
  <Root id="Form">
    <DimensionLayout dim="horizontal">
      <Group type="parallel" groupAlignment="leading" attributes="2048">
          <Group type="sequential" alignment="leading" attributes="0">
              <EmptySpace min="$pref" pref="146" max="$pref" attributes="0"/>
              <Group type="parallel" groupAlignment="leading" attributes="0">
                  <Group type="sequential" attributes="0">
                      <Group type="parallel" groupAlignment="leading" attributes="0">
                          <Component id="jTextField3" max="Short.MAX_VALUE" attributes="1"/>
                          <Component id="jTextField2" max="Short.MAX_VALUE" attributes="1"/>
                      </Group>
                      <EmptySpace min="$pref" pref="195" max="$pref" attributes="0"/>
                  </Group>
                  <Group type="sequential" attributes="0">
                      <Component id="jTextField1" min="$pref" pref="102" max="$pref" attributes="1025"/>
                      <EmptySpace max="Short.MAX_VALUE" attributes="1536"/>
                  </Group>
              </Group>
          </Group>
      </Group>
    </DimensionLayout>
    <DimensionLayout dim="vertical">
      <Group type="parallel" groupAlignment="leading" attributes="2048">
          <Group type="sequential" alignment="leading" attributes="0">
              <EmptySpace min="$pref" pref="69" max="$pref" attributes="0"/>
              <Component id="jTextField1" min="$pref" max="$pref" attributes="0"/>
              <EmptySpace max="$pref" attributes="0"/>
              <Component id="jTextField2" min="$pref" max="$pref" attributes="0"/>
              <EmptySpace max="$pref" attributes="0"/>
              <Component id="jTextField3" min="$pref" max="$pref" attributes="0"/>
              <EmptySpace pref="159" max="Short.MAX_VALUE" attributes="4"/>
          </Group>
      </Group>
    </DimensionLayout>
  </Root>
</LayoutModel>
