<LayoutModel>
  <Root id="Form">
    <DimensionLayout dim="horizontal">
      <Group type="parallel" groupAlignment="leading" attributes="2048">
          <Group type="sequential" attributes="0">
              <EmptySpace max="$pref" attributes="0"/>
              <Group type="parallel" groupAlignment="leading" attributes="0">
                  <Group type="sequential" attributes="0">
                      <Component id="jButton2" min="$pref" max="$pref" attributes="0"/>
                      <EmptySpace min="0" pref="307" max="Short.MAX_VALUE" attributes="0"/>
                  </Group>
                  <Group type="sequential" alignment="trailing" attributes="0">
                      <EmptySpace min="0" pref="0" max="Short.MAX_VALUE" attributes="512"/>
                      <Component id="jComboBox1" min="$pref" max="$pref" attributes="0"/>
                  </Group>
                  <Group type="sequential" alignment="leading" attributes="0">
                      <Component id="jButton1" min="$pref" max="$pref" attributes="0"/>
                      <EmptySpace max="Short.MAX_VALUE" attributes="1536"/>
                      <Component id="jTextField1" min="$pref" max="$pref" attributes="1024"/>
                  </Group>
                  <Group type="sequential" alignment="leading" attributes="0">
                      <Component id="jScrollPane1" min="$pref" max="$pref" attributes="0"/>
                      <EmptySpace max="Short.MAX_VALUE" attributes="1536"/>
                      <Component id="jLabel1" min="$pref" max="$pref" attributes="1024"/>
                  </Group>
              </Group>
              <EmptySpace max="$pref" attributes="4"/>
          </Group>
      </Group>
    </DimensionLayout>
    <DimensionLayout dim="vertical">
      <Group type="parallel" groupAlignment="leading" attributes="2048">
          <Group type="sequential" attributes="0">
              <EmptySpace max="$pref" attributes="0"/>
              <Group type="parallel" groupAlignment="leading" attributes="0">
                  <Group type="sequential" alignment="leading" attributes="0">
                      <Component id="jScrollPane1" min="$pref" max="$pref" attributes="0"/>
                      <EmptySpace min="$pref" pref="48" max="$pref" attributes="0"/>
                      <Group type="parallel" groupAlignment="baseline" attributes="0">
                          <Component id="jButton1" alignment="baseline" min="$pref" max="$pref" attributes="0"/>
                          <Component id="jTextField1" alignment="baseline" min="$pref" max="$pref" attributes="1024"/>
                      </Group>
                      <EmptySpace max="$pref" attributes="0"/>
                      <Component id="jButton2" min="$pref" max="$pref" attributes="0"/>
                      <EmptySpace pref="59" max="Short.MAX_VALUE" attributes="0"/>
                  </Group>
                  <Group type="sequential" alignment="trailing" attributes="0">
                      <EmptySpace min="0" pref="0" max="Short.MAX_VALUE" attributes="1536"/>
                      <Component id="jLabel1" min="$pref" max="$pref" attributes="1024"/>
                      <EmptySpace max="$pref" attributes="1024"/>
                      <Component id="jComboBox1" min="$pref" max="$pref" attributes="0"/>
                      <EmptySpace min="$pref" pref="136" max="$pref" attributes="0"/>
                  </Group>
              </Group>
          </Group>
      </Group>
    </DimensionLayout>
  </Root>
</LayoutModel>
