<LayoutModel>
  <Root id="Form">
    <DimensionLayout dim="horizontal">
      <Group type="parallel" groupAlignment="leading" attributes="0">
          <Group type="sequential" alignment="leading" attributes="0">
              <EmptySpace min="$pref" pref="54" max="$pref" attributes="0"/>
              <Component id="jScrollPane1" min="$pref" max="$pref" attributes="0"/>
              <Group type="parallel" groupAlignment="trailing" attributes="0">
                  <Group type="sequential" alignment="trailing" attributes="0">
                      <EmptySpace min="$pref" pref="48" max="$pref" attributes="0"/>
                      <Component id="jButton1" min="$pref" max="$pref" attributes="0"/>
                      <EmptySpace pref="269" max="Short.MAX_VALUE" attributes="0"/>
                  </Group>
                  <Group type="sequential" alignment="trailing" attributes="0">
                      <EmptySpace max="$pref" attributes="0"/>
                      <Component id="jButton2" min="$pref" max="$pref" attributes="0"/>
                      <EmptySpace max="Short.MAX_VALUE" attributes="0"/>
                      <Component id="jLabel1" min="$pref" max="$pref" attributes="0"/>
                      <EmptySpace min="$pref" pref="58" max="$pref" attributes="0"/>
                  </Group>
              </Group>
          </Group>
      </Group>
    </DimensionLayout>
    <DimensionLayout dim="vertical">
      <Group type="parallel" groupAlignment="leading" attributes="512">
          <Group type="sequential" attributes="512">
              <Group type="parallel" groupAlignment="leading" attributes="512">
                  <Group type="sequential" attributes="512">
                      <EmptySpace min="$pref" pref="57" max="$pref" attributes="0"/>
                      <Component id="jScrollPane1" min="$pref" max="$pref" attributes="0"/>
                  </Group>
                  <Group type="sequential" alignment="leading" attributes="512">
                      <EmptySpace min="$pref" pref="73" max="$pref" attributes="0"/>
                      <Component id="jButton1" min="$pref" max="$pref" attributes="0"/>
                      <EmptySpace min="$pref" pref="36" max="$pref" attributes="0"/>
                      <Group type="parallel" groupAlignment="baseline" attributes="512">
                          <Component id="jLabel1" alignment="baseline" min="$pref" max="$pref" attributes="0"/>
                          <Component id="jButton2" alignment="baseline" min="$pref" max="$pref" attributes="0"/>
                      </Group>
                  </Group>
              </Group>
              <EmptySpace pref="113" max="Short.MAX_VALUE" attributes="4"/>
          </Group>
      </Group>
    </DimensionLayout>
  </Root>
</LayoutModel>
