<LayoutModel>
  <Root id="Form">
    <DimensionLayout dim="horizontal">
      <Group type="parallel" groupAlignment="leading" attributes="0">
          <Group type="sequential" attributes="0">
              <EmptySpace max="$pref" attributes="16"/>
              <Group type="parallel" groupAlignment="leading" max="$pref" attributes="16">
                  <Group type="sequential" attributes="0">
                      <Component id="jLabel2" min="$pref" max="$pref" attributes="0"/>
                      <EmptySpace max="$pref" attributes="0"/>
                      <Component id="jTextField1" pref="90" max="Short.MAX_VALUE" attributes="1"/>
                  </Group>
                  <Group type="sequential" attributes="1">
                      <Component id="jLabel1" min="$pref" max="$pref" attributes="0"/>
                      <EmptySpace max="$pref" attributes="0"/>
                      <Component id="jTextField2" max="Short.MAX_VALUE" attributes="1"/>
                  </Group>
              </Group>
              <EmptySpace pref="228" max="Short.MAX_VALUE" attributes="12"/>
          </Group>
      </Group>
    </DimensionLayout>
    <DimensionLayout dim="vertical">
      <Group type="parallel" groupAlignment="leading" attributes="0">
          <Group type="sequential" alignment="leading" attributes="0">
              <EmptySpace max="$pref" attributes="16"/>
              <Group type="parallel" groupAlignment="baseline" attributes="16">
                  <Component id="jLabel1" alignment="baseline" min="$pref" max="$pref" attributes="0"/>
                  <Component id="jTextField2" alignment="baseline" min="$pref" max="$pref" attributes="0"/>
              </Group>
              <EmptySpace max="$pref" attributes="16"/>
              <Group type="parallel" groupAlignment="baseline" attributes="16">
                  <Component id="jLabel2" alignment="baseline" min="$pref" max="$pref" attributes="0"/>
                  <Component id="jTextField1" alignment="baseline" min="$pref" max="$pref" attributes="0"/>
              </Group>
              <EmptySpace pref="243" max="Short.MAX_VALUE" attributes="12"/>
          </Group>
      </Group>
    </DimensionLayout>
  </Root>
</LayoutModel>
