<LayoutModel>
  <Root id="Form">
    <DimensionLayout dim="horizontal">
      <Group type="parallel" groupAlignment="leading" attributes="2048">
          <Group type="sequential" alignment="leading" attributes="0">
              <EmptySpace max="$pref" attributes="0"/>
              <Group type="parallel" groupAlignment="leading" attributes="0">
                  <Group type="sequential" attributes="0">
                      <Component id="jRadioButton1" min="$pref" max="$pref" attributes="0"/>
                      <EmptySpace max="Short.MAX_VALUE" attributes="0"/>
                      <Component id="jButton1" min="$pref" max="$pref" attributes="0"/>
                      <EmptySpace max="$pref" attributes="0"/>
                      <Component id="jButton2" min="$pref" max="$pref" attributes="0"/>
                      <EmptySpace min="$pref" pref="43" max="$pref" attributes="0"/>
                  </Group>
                  <Group type="sequential" attributes="0">
                      <Component id="jScrollPane1" max="Short.MAX_VALUE" attributes="1536"/>
                      <EmptySpace min="$pref" pref="28" max="$pref" attributes="1024"/>
                      <Component id="jToggleButton1" min="$pref" max="$pref" attributes="0"/>
                  </Group>
              </Group>
              <EmptySpace min="$pref" pref="104" max="$pref" attributes="4"/>
          </Group>
      </Group>
    </DimensionLayout>
    <DimensionLayout dim="vertical">
      <Group type="parallel" groupAlignment="leading" attributes="2048">
          <Group type="sequential" alignment="leading" attributes="0">
              <EmptySpace min="$pref" pref="60" max="$pref" attributes="0"/>
              <Group type="parallel" groupAlignment="baseline" attributes="0">
                  <Component id="jRadioButton1" alignment="baseline" min="$pref" max="$pref" attributes="0"/>
                  <Component id="jButton1" alignment="baseline" min="$pref" max="$pref" attributes="0"/>
                  <Component id="jButton2" alignment="baseline" min="$pref" max="$pref" attributes="0"/>
              </Group>
              <Group type="parallel" groupAlignment="leading" attributes="0">
                  <Group type="sequential" attributes="0">
                      <EmptySpace min="$pref" pref="89" max="$pref" attributes="0"/>
                      <Component id="jToggleButton1" min="$pref" max="$pref" attributes="0"/>
                  </Group>
                  <Group type="sequential" alignment="leading" attributes="0">
                      <EmptySpace max="$pref" attributes="0"/>
                      <Component id="jScrollPane1" min="$pref" max="$pref" attributes="0"/>
                  </Group>
              </Group>
              <EmptySpace pref="81" max="Short.MAX_VALUE" attributes="4"/>
          </Group>
      </Group>
    </DimensionLayout>
  </Root>
</LayoutModel>
