<LayoutModel>
  <Root id="Form">
    <DimensionLayout dim="horizontal">
      <Group type="parallel" groupAlignment="leading" attributes="0">
          <Group type="sequential" attributes="0">
              <EmptySpace max="$pref" attributes="0"/>
              <Group type="parallel" groupAlignment="leading" attributes="0">
                  <Group type="parallel" groupAlignment="leading" attributes="0">
                      <Component id="jTextField1" alignment="trailing" min="$pref" pref="390" max="$pref" attributes="0"/>
                      <Component id="jButton1" alignment="leading" min="$pref" max="$pref" attributes="0"/>
                  </Group>
                  <Component id="jToggleButton1" alignment="leading" min="$pref" max="$pref" attributes="0"/>
              </Group>
          </Group>
      </Group>
    </DimensionLayout>
    <DimensionLayout dim="vertical">
      <Group type="parallel" groupAlignment="leading" attributes="0">
          <Group type="sequential" alignment="leading" attributes="0">
              <Component id="jTextField1" min="$pref" max="$pref" attributes="0"/>
              <EmptySpace type="unrelated" max="$pref" attributes="0"/>
              <Component id="jButton1" min="$pref" max="$pref" attributes="0"/>
              <EmptySpace max="$pref" attributes="0"/>
              <Component id="jToggleButton1" min="$pref" max="$pref" attributes="0"/>
              <EmptySpace pref="217" max="Short.MAX_VALUE" attributes="4"/>
          </Group>
      </Group>
    </DimensionLayout>
  </Root>
</LayoutModel>
